mode: set
sarvekshanam/remote-runner/crypto_utils.go:25.25,27.16 2 1
sarvekshanam/remote-runner/crypto_utils.go:27.16,29.3 1 0
sarvekshanam/remote-runner/crypto_utils.go:31.2,32.16 2 1
sarvekshanam/remote-runner/crypto_utils.go:32.16,34.3 1 0
sarvekshanam/remote-runner/crypto_utils.go:36.2,47.12 6 1
sarvekshanam/remote-runner/crypto_utils.go:51.31,55.2 3 1
sarvekshanam/remote-runner/crypto_utils.go:59.62,60.33 1 1
sarvekshanam/remote-runner/crypto_utils.go:60.33,62.3 1 0
sarvekshanam/remote-runner/crypto_utils.go:64.2,68.20 4 1
sarvekshanam/remote-runner/crypto_utils.go:68.20,70.3 1 1
sarvekshanam/remote-runner/crypto_utils.go:72.2,73.16 2 1
sarvekshanam/remote-runner/crypto_utils.go:73.16,75.3 1 1
sarvekshanam/remote-runner/crypto_utils.go:77.2,78.16 2 1
sarvekshanam/remote-runner/crypto_utils.go:78.16,80.3 1 1
sarvekshanam/remote-runner/crypto_utils.go:82.2,82.31 1 1
sarvekshanam/remote-runner/jwks_validator.go:72.23,73.51 1 1
sarvekshanam/remote-runner/jwks_validator.go:73.51,75.3 1 0
sarvekshanam/remote-runner/jwks_validator.go:77.2,80.12 2 1
sarvekshanam/remote-runner/jwks_validator.go:80.12,83.22 3 1
sarvekshanam/remote-runner/jwks_validator.go:83.22,85.4 1 0
sarvekshanam/remote-runner/jwks_validator.go:88.2,88.12 1 1
sarvekshanam/remote-runner/jwks_validator.go:92.44,94.16 2 1
sarvekshanam/remote-runner/jwks_validator.go:94.16,95.25 1 1
sarvekshanam/remote-runner/jwks_validator.go:95.25,101.4 5 1
sarvekshanam/remote-runner/jwks_validator.go:102.3,102.64 1 0
sarvekshanam/remote-runner/jwks_validator.go:105.2,106.51 2 1
sarvekshanam/remote-runner/jwks_validator.go:106.51,108.3 1 0
sarvekshanam/remote-runner/jwks_validator.go:110.2,116.12 6 1
sarvekshanam/remote-runner/jwks_validator.go:120.40,121.39 1 1
sarvekshanam/remote-runner/jwks_validator.go:121.39,124.3 2 0
sarvekshanam/remote-runner/jwks_validator.go:125.2,125.17 1 1
sarvekshanam/remote-runner/jwks_validator.go:129.39,137.27 6 1
sarvekshanam/remote-runner/jwks_validator.go:137.27,139.17 2 1
sarvekshanam/remote-runner/jwks_validator.go:139.17,141.12 2 1
sarvekshanam/remote-runner/jwks_validator.go:143.3,143.30 1 1
sarvekshanam/remote-runner/jwks_validator.go:143.30,145.4 1 1
sarvekshanam/remote-runner/jwks_validator.go:148.2,148.22 1 1
sarvekshanam/remote-runner/jwks_validator.go:148.22,150.33 2 1
sarvekshanam/remote-runner/jwks_validator.go:150.33,152.4 1 1
sarvekshanam/remote-runner/jwks_validator.go:153.3,155.55 3 1
sarvekshanam/remote-runner/jwks_validator.go:160.63,163.16 3 1
sarvekshanam/remote-runner/jwks_validator.go:163.16,165.3 1 1
sarvekshanam/remote-runner/jwks_validator.go:166.2,168.38 2 1
sarvekshanam/remote-runner/jwks_validator.go:168.38,170.3 1 1
sarvekshanam/remote-runner/jwks_validator.go:172.2,173.65 2 1
sarvekshanam/remote-runner/jwks_validator.go:173.65,175.3 1 0
sarvekshanam/remote-runner/jwks_validator.go:177.2,178.32 2 1
sarvekshanam/remote-runner/jwks_validator.go:178.32,179.64 1 1
sarvekshanam/remote-runner/jwks_validator.go:179.64,180.12 1 0
sarvekshanam/remote-runner/jwks_validator.go:182.3,183.17 2 1
sarvekshanam/remote-runner/jwks_validator.go:183.17,185.12 2 0
sarvekshanam/remote-runner/jwks_validator.go:187.3,187.25 1 1
sarvekshanam/remote-runner/jwks_validator.go:190.2,190.18 1 1
sarvekshanam/remote-runner/jwks_validator.go:194.57,196.16 2 1
sarvekshanam/remote-runner/jwks_validator.go:196.16,198.3 1 0
sarvekshanam/remote-runner/jwks_validator.go:199.2,200.16 2 1
sarvekshanam/remote-runner/jwks_validator.go:200.16,202.3 1 0
sarvekshanam/remote-runner/jwks_validator.go:204.2,206.27 3 1
sarvekshanam/remote-runner/jwks_validator.go:206.27,208.3 1 1
sarvekshanam/remote-runner/jwks_validator.go:210.2,210.40 1 1
sarvekshanam/remote-runner/jwks_validator.go:215.75,217.21 2 1
sarvekshanam/remote-runner/jwks_validator.go:217.21,219.3 1 1
sarvekshanam/remote-runner/jwks_validator.go:222.2,223.16 2 1
sarvekshanam/remote-runner/jwks_validator.go:223.16,225.3 1 0
sarvekshanam/remote-runner/jwks_validator.go:226.2,227.61 2 1
sarvekshanam/remote-runner/jwks_validator.go:227.61,229.3 1 0
sarvekshanam/remote-runner/jwks_validator.go:230.2,230.27 1 1
sarvekshanam/remote-runner/jwks_validator.go:230.27,232.3 1 0
sarvekshanam/remote-runner/jwks_validator.go:235.2,238.9 4 1
sarvekshanam/remote-runner/jwks_validator.go:238.9,240.3 1 0
sarvekshanam/remote-runner/jwks_validator.go:243.2,245.16 3 1
sarvekshanam/remote-runner/jwks_validator.go:245.16,247.3 1 0
sarvekshanam/remote-runner/jwks_validator.go:249.2,250.91 2 1
sarvekshanam/remote-runner/jwks_validator.go:250.91,252.3 1 1
sarvekshanam/remote-runner/jwks_validator.go:255.2,256.16 2 1
sarvekshanam/remote-runner/jwks_validator.go:256.16,258.3 1 0
sarvekshanam/remote-runner/jwks_validator.go:259.2,260.63 2 1
sarvekshanam/remote-runner/jwks_validator.go:260.63,262.3 1 0
sarvekshanam/remote-runner/jwks_validator.go:265.2,265.22 1 1
sarvekshanam/remote-runner/jwks_validator.go:265.22,267.3 1 0
sarvekshanam/remote-runner/jwks_validator.go:268.2,269.24 2 1
sarvekshanam/remote-runner/jwks_validator.go:269.24,271.3 1 1
sarvekshanam/remote-runner/jwks_validator.go:274.2,274.42 1 1
sarvekshanam/remote-runner/jwks_validator.go:274.42,276.3 1 0
sarvekshanam/remote-runner/jwks_validator.go:278.2,278.22 1 1
sarvekshanam/remote-runner/jwks_validator.go:282.40,286.2 3 1
sarvekshanam/remote-runner/jwks_validator.go:289.48,291.2 1 1
sarvekshanam/remote-runner/main.go:69.13,73.2 3 1
sarvekshanam/remote-runner/main.go:78.61,79.54 1 1
sarvekshanam/remote-runner/main.go:79.54,81.28 1 1
sarvekshanam/remote-runner/main.go:81.28,84.4 2 1
sarvekshanam/remote-runner/main.go:87.3,87.31 1 1
sarvekshanam/remote-runner/main.go:87.31,89.4 1 1
sarvekshanam/remote-runner/main.go:92.3,92.31 1 1
sarvekshanam/remote-runner/main.go:92.31,95.4 2 1
sarvekshanam/remote-runner/main.go:97.3,98.68 2 1
sarvekshanam/remote-runner/main.go:98.68,101.4 2 1
sarvekshanam/remote-runner/main.go:103.3,107.68 3 1
sarvekshanam/remote-runner/main.go:107.68,111.4 2 0
sarvekshanam/remote-runner/main.go:112.3,112.17 1 1
sarvekshanam/remote-runner/main.go:112.17,116.4 3 1
sarvekshanam/remote-runner/main.go:119.3,121.30 3 0
sarvekshanam/remote-runner/main.go:125.52,128.16 3 1
sarvekshanam/remote-runner/main.go:128.16,129.25 1 1
sarvekshanam/remote-runner/main.go:129.25,131.4 1 1
sarvekshanam/remote-runner/main.go:132.3,132.18 1 0
sarvekshanam/remote-runner/main.go:135.2,135.32 1 1
sarvekshanam/remote-runner/main.go:135.32,136.21 1 1
sarvekshanam/remote-runner/main.go:136.21,137.12 1 0
sarvekshanam/remote-runner/main.go:140.3,142.17 3 1
sarvekshanam/remote-runner/main.go:142.17,146.18 3 1
sarvekshanam/remote-runner/main.go:146.18,147.13 1 1
sarvekshanam/remote-runner/main.go:151.3,152.58 2 1
sarvekshanam/remote-runner/main.go:152.58,154.12 2 1
sarvekshanam/remote-runner/main.go:156.3,156.57 1 1
sarvekshanam/remote-runner/main.go:156.57,158.4 1 0
sarvekshanam/remote-runner/main.go:159.3,159.58 1 1
sarvekshanam/remote-runner/main.go:159.58,161.4 1 1
sarvekshanam/remote-runner/main.go:162.3,162.39 1 1
sarvekshanam/remote-runner/main.go:165.2,165.21 1 1
sarvekshanam/remote-runner/main.go:168.27,170.16 2 1
sarvekshanam/remote-runner/main.go:170.16,173.3 2 0
sarvekshanam/remote-runner/main.go:174.2,176.22 3 1
sarvekshanam/remote-runner/main.go:179.43,188.2 5 1
sarvekshanam/remote-runner/main.go:190.61,191.32 1 1
sarvekshanam/remote-runner/main.go:191.32,194.3 2 0
sarvekshanam/remote-runner/main.go:196.2,197.16 2 1
sarvekshanam/remote-runner/main.go:197.16,200.3 2 0
sarvekshanam/remote-runner/main.go:202.2,203.59 2 1
sarvekshanam/remote-runner/main.go:203.59,203.121 1 0
sarvekshanam/remote-runner/main.go:206.60,207.32 1 1
sarvekshanam/remote-runner/main.go:207.32,210.3 2 0
sarvekshanam/remote-runner/main.go:212.2,213.16 2 1
sarvekshanam/remote-runner/main.go:213.16,216.3 2 0
sarvekshanam/remote-runner/main.go:218.2,219.30 2 1
sarvekshanam/remote-runner/main.go:219.30,223.40 3 1
sarvekshanam/remote-runner/main.go:223.40,228.22 2 1
sarvekshanam/remote-runner/main.go:228.22,230.5 1 1
sarvekshanam/remote-runner/main.go:233.3,248.36 2 1
sarvekshanam/remote-runner/main.go:251.2,252.59 2 1
sarvekshanam/remote-runner/main.go:252.59,252.121 1 0
sarvekshanam/remote-runner/main.go:255.37,256.27 1 1
sarvekshanam/remote-runner/main.go:256.27,261.106 2 1
sarvekshanam/remote-runner/main.go:261.106,263.4 1 1
sarvekshanam/remote-runner/main.go:266.3,266.96 1 1
sarvekshanam/remote-runner/main.go:266.96,268.4 1 1
sarvekshanam/remote-runner/main.go:271.3,271.43 1 1
sarvekshanam/remote-runner/main.go:271.43,273.4 1 0
sarvekshanam/remote-runner/main.go:275.2,275.12 1 1
sarvekshanam/remote-runner/main.go:278.57,279.33 1 1
sarvekshanam/remote-runner/main.go:279.33,282.3 2 1
sarvekshanam/remote-runner/main.go:284.2,284.43 1 1
sarvekshanam/remote-runner/main.go:284.43,287.3 2 1
sarvekshanam/remote-runner/main.go:288.2,291.61 3 1
sarvekshanam/remote-runner/main.go:291.61,294.3 2 1
sarvekshanam/remote-runner/main.go:297.2,297.51 1 1
sarvekshanam/remote-runner/main.go:297.51,299.17 2 0
sarvekshanam/remote-runner/main.go:299.17,303.4 3 0
sarvekshanam/remote-runner/main.go:304.3,304.70 1 0
sarvekshanam/remote-runner/main.go:304.70,308.4 3 0
sarvekshanam/remote-runner/main.go:311.2,311.44 1 1
sarvekshanam/remote-runner/main.go:311.44,314.3 2 1
sarvekshanam/remote-runner/main.go:316.2,317.16 2 1
sarvekshanam/remote-runner/main.go:317.16,320.3 2 0
sarvekshanam/remote-runner/main.go:322.2,324.30 3 1
sarvekshanam/remote-runner/main.go:324.30,325.27 1 1
sarvekshanam/remote-runner/main.go:325.27,328.9 3 1
sarvekshanam/remote-runner/main.go:332.2,332.22 1 1
sarvekshanam/remote-runner/main.go:332.22,335.3 2 1
sarvekshanam/remote-runner/main.go:337.2,338.16 2 1
sarvekshanam/remote-runner/main.go:338.16,341.3 2 1
sarvekshanam/remote-runner/main.go:343.2,343.40 1 1
sarvekshanam/remote-runner/main.go:343.40,343.61 1 0
sarvekshanam/remote-runner/main.go:345.2,346.21 2 1
sarvekshanam/remote-runner/main.go:346.21,348.3 1 0
sarvekshanam/remote-runner/main.go:350.2,352.63 3 1
sarvekshanam/remote-runner/main.go:352.63,355.3 2 0
sarvekshanam/remote-runner/main.go:356.2,362.9 4 1
sarvekshanam/remote-runner/main.go:362.9,364.3 1 0
sarvekshanam/remote-runner/main.go:366.2,366.30 1 1
sarvekshanam/remote-runner/main.go:366.30,367.46 1 1
sarvekshanam/remote-runner/main.go:368.28,369.23 1 0
sarvekshanam/remote-runner/main.go:370.35,371.21 1 1
sarvekshanam/remote-runner/main.go:372.21,378.10 6 0
sarvekshanam/remote-runner/main.go:379.13,386.10 6 0
sarvekshanam/remote-runner/main.go:387.17,393.10 4 0
sarvekshanam/remote-runner/main.go:395.8,395.39 1 0
sarvekshanam/remote-runner/main.go:395.39,402.3 4 0
sarvekshanam/remote-runner/main.go:404.2,409.66 4 1
sarvekshanam/remote-runner/main.go:412.47,414.51 2 1
sarvekshanam/remote-runner/main.go:414.51,417.3 2 1
sarvekshanam/remote-runner/main.go:418.2,419.49 2 1
sarvekshanam/remote-runner/main.go:419.49,423.26 4 1
sarvekshanam/remote-runner/main.go:423.26,425.4 1 1
sarvekshanam/remote-runner/main.go:425.9,427.4 1 0
sarvekshanam/remote-runner/main.go:429.2,431.53 3 1
sarvekshanam/remote-runner/main.go:431.53,434.3 2 1
sarvekshanam/remote-runner/main.go:435.2,435.25 1 1
sarvekshanam/remote-runner/main.go:435.25,437.3 1 0
sarvekshanam/remote-runner/main.go:438.2,439.40 2 1
sarvekshanam/remote-runner/main.go:442.53,443.17 1 1
sarvekshanam/remote-runner/main.go:443.17,445.3 1 1
sarvekshanam/remote-runner/main.go:446.2,446.17 1 1
sarvekshanam/remote-runner/main.go:446.17,447.17 1 1
sarvekshanam/remote-runner/main.go:447.18,447.19 0 1
sarvekshanam/remote-runner/main.go:451.2,460.62 2 1
sarvekshanam/remote-runner/main.go:460.62,466.17 6 0
sarvekshanam/remote-runner/main.go:466.18,466.19 0 0
sarvekshanam/remote-runner/main.go:467.8,467.68 1 1
sarvekshanam/remote-runner/main.go:467.68,473.17 6 0
sarvekshanam/remote-runner/main.go:473.18,473.19 0 0
sarvekshanam/remote-runner/main.go:477.2,477.28 1 1
sarvekshanam/remote-runner/main.go:480.40,484.20 2 1
sarvekshanam/remote-runner/main.go:484.20,486.3 1 0
sarvekshanam/remote-runner/main.go:488.2,488.31 1 1
sarvekshanam/remote-runner/main.go:488.31,489.188 1 1
sarvekshanam/remote-runner/main.go:489.188,489.221 1 0
sarvekshanam/remote-runner/main.go:490.3,490.187 1 1
sarvekshanam/remote-runner/main.go:490.187,490.220 1 0
sarvekshanam/remote-runner/main.go:492.3,492.20 1 1
sarvekshanam/remote-runner/main.go:492.20,493.189 1 1
sarvekshanam/remote-runner/main.go:493.189,493.222 1 0
sarvekshanam/remote-runner/main.go:494.4,494.23 1 1
sarvekshanam/remote-runner/main.go:496.8,496.37 1 0
sarvekshanam/remote-runner/main.go:496.37,497.100 1 0
sarvekshanam/remote-runner/main.go:497.100,497.133 1 0
sarvekshanam/remote-runner/main.go:498.3,498.106 1 0
sarvekshanam/remote-runner/main.go:498.106,498.139 1 0
sarvekshanam/remote-runner/main.go:500.3,500.20 1 0
sarvekshanam/remote-runner/main.go:500.20,501.98 1 0
sarvekshanam/remote-runner/main.go:501.98,501.131 1 0
sarvekshanam/remote-runner/main.go:502.4,502.104 1 0
sarvekshanam/remote-runner/main.go:502.104,502.137 1 0
sarvekshanam/remote-runner/main.go:503.4,503.23 1 0
sarvekshanam/remote-runner/main.go:507.2,507.16 1 1
sarvekshanam/remote-runner/main.go:510.134,515.16 4 1
sarvekshanam/remote-runner/main.go:515.16,518.3 2 0
sarvekshanam/remote-runner/main.go:519.2,520.16 2 1
sarvekshanam/remote-runner/main.go:520.16,523.3 2 0
sarvekshanam/remote-runner/main.go:525.2,527.36 2 1
sarvekshanam/remote-runner/main.go:527.36,530.3 2 0
sarvekshanam/remote-runner/main.go:532.2,535.12 3 1
sarvekshanam/remote-runner/main.go:535.12,538.22 3 1
sarvekshanam/remote-runner/main.go:538.22,540.4 1 1
sarvekshanam/remote-runner/main.go:543.2,543.12 1 1
sarvekshanam/remote-runner/main.go:543.12,546.22 3 1
sarvekshanam/remote-runner/main.go:546.22,548.4 1 0
sarvekshanam/remote-runner/main.go:551.2,555.16 4 1
sarvekshanam/remote-runner/main.go:555.16,556.49 1 0
sarvekshanam/remote-runner/main.go:556.49,558.4 1 0
sarvekshanam/remote-runner/main.go:558.9,561.4 2 0
sarvekshanam/remote-runner/main.go:564.2,565.105 2 1
sarvekshanam/remote-runner/main.go:568.61,569.33 1 1
sarvekshanam/remote-runner/main.go:569.33,572.3 2 1
sarvekshanam/remote-runner/main.go:574.2,575.61 2 1
sarvekshanam/remote-runner/main.go:575.61,578.3 2 1
sarvekshanam/remote-runner/main.go:580.2,580.51 1 1
sarvekshanam/remote-runner/main.go:580.51,582.17 2 0
sarvekshanam/remote-runner/main.go:582.17,585.4 2 0
sarvekshanam/remote-runner/main.go:586.3,586.70 1 0
sarvekshanam/remote-runner/main.go:586.70,589.4 2 0
sarvekshanam/remote-runner/main.go:592.2,592.44 1 1
sarvekshanam/remote-runner/main.go:592.44,595.3 2 0
sarvekshanam/remote-runner/main.go:597.2,598.16 2 1
sarvekshanam/remote-runner/main.go:598.16,601.3 2 0
sarvekshanam/remote-runner/main.go:603.2,605.30 3 1
sarvekshanam/remote-runner/main.go:605.30,606.27 1 1
sarvekshanam/remote-runner/main.go:606.27,609.9 3 1
sarvekshanam/remote-runner/main.go:613.2,613.22 1 1
sarvekshanam/remote-runner/main.go:613.22,616.3 2 1
sarvekshanam/remote-runner/main.go:618.2,620.9 3 1
sarvekshanam/remote-runner/main.go:620.9,622.3 1 0
sarvekshanam/remote-runner/main.go:624.2,625.16 2 1
sarvekshanam/remote-runner/main.go:625.16,628.3 2 0
sarvekshanam/remote-runner/main.go:630.2,630.40 1 1
sarvekshanam/remote-runner/main.go:630.40,630.61 1 0
sarvekshanam/remote-runner/main.go:632.2,633.21 2 1
sarvekshanam/remote-runner/main.go:633.21,635.3 1 0
sarvekshanam/remote-runner/main.go:637.2,639.63 3 1
sarvekshanam/remote-runner/main.go:639.63,642.3 2 0
sarvekshanam/remote-runner/main.go:643.2,646.38 3 1
sarvekshanam/remote-runner/main.go:646.38,650.3 3 1
sarvekshanam/remote-runner/main.go:652.2,653.37 2 1
sarvekshanam/remote-runner/main.go:653.37,655.26 2 1
sarvekshanam/remote-runner/main.go:655.26,666.32 6 1
sarvekshanam/remote-runner/main.go:666.32,667.48 1 1
sarvekshanam/remote-runner/main.go:668.30,669.25 1 0
sarvekshanam/remote-runner/main.go:670.37,671.23 1 1
sarvekshanam/remote-runner/main.go:672.23,676.46 4 0
sarvekshanam/remote-runner/main.go:677.15,682.46 4 0
sarvekshanam/remote-runner/main.go:683.19,687.47 3 0
sarvekshanam/remote-runner/main.go:689.10,689.41 1 0
sarvekshanam/remote-runner/main.go:689.41,693.5 3 0
sarvekshanam/remote-runner/main.go:695.4,695.18 1 1
sarvekshanam/remote-runner/main.go:695.18,700.5 3 1
sarvekshanam/remote-runner/main.go:702.4,707.18 5 1
sarvekshanam/remote-runner/main.go:707.18,710.5 2 0
sarvekshanam/remote-runner/main.go:711.4,712.18 2 1
sarvekshanam/remote-runner/main.go:712.18,715.5 2 0
sarvekshanam/remote-runner/main.go:717.4,717.38 1 1
sarvekshanam/remote-runner/main.go:717.38,720.5 2 0
sarvekshanam/remote-runner/main.go:722.4,725.22 3 1
sarvekshanam/remote-runner/main.go:725.22,728.24 3 1
sarvekshanam/remote-runner/main.go:728.24,730.6 1 1
sarvekshanam/remote-runner/main.go:733.4,733.22 1 1
sarvekshanam/remote-runner/main.go:733.22,736.24 3 1
sarvekshanam/remote-runner/main.go:736.24,738.6 1 0
sarvekshanam/remote-runner/main.go:741.4,745.18 4 1
sarvekshanam/remote-runner/main.go:745.18,746.51 1 0
sarvekshanam/remote-runner/main.go:746.51,748.6 1 0
sarvekshanam/remote-runner/main.go:748.11,751.6 2 0
sarvekshanam/remote-runner/main.go:754.4,755.115 2 1
sarvekshanam/remote-runner/main.go:758.2,758.17 1 1
sarvekshanam/remote-runner/main.go:765.60,766.33 1 1
sarvekshanam/remote-runner/main.go:766.33,769.3 2 1
sarvekshanam/remote-runner/main.go:771.2,772.27 2 1
sarvekshanam/remote-runner/main.go:772.27,774.31 1 0
sarvekshanam/remote-runner/main.go:774.31,777.4 2 0
sarvekshanam/remote-runner/main.go:778.3,779.9 2 0
sarvekshanam/remote-runner/main.go:782.2,782.44 1 1
sarvekshanam/remote-runner/main.go:782.44,785.3 2 1
sarvekshanam/remote-runner/main.go:787.2,788.61 2 1
sarvekshanam/remote-runner/main.go:788.61,791.3 2 1
sarvekshanam/remote-runner/main.go:793.2,794.9 2 1
sarvekshanam/remote-runner/main.go:794.9,796.3 1 0
sarvekshanam/remote-runner/main.go:797.2,801.31 3 1
sarvekshanam/remote-runner/main.go:801.31,804.3 1 0
sarvekshanam/remote-runner/main.go:806.2,807.16 2 1
sarvekshanam/remote-runner/main.go:807.16,810.3 2 0
sarvekshanam/remote-runner/main.go:811.2,812.16 2 1
sarvekshanam/remote-runner/main.go:812.16,815.3 2 0
sarvekshanam/remote-runner/main.go:817.2,817.36 1 1
sarvekshanam/remote-runner/main.go:817.36,820.3 2 0
sarvekshanam/remote-runner/main.go:822.2,825.12 3 1
sarvekshanam/remote-runner/main.go:825.12,828.22 3 1
sarvekshanam/remote-runner/main.go:828.22,830.4 1 1
sarvekshanam/remote-runner/main.go:833.2,833.12 1 1
sarvekshanam/remote-runner/main.go:833.12,836.22 3 1
sarvekshanam/remote-runner/main.go:836.22,838.4 1 0
sarvekshanam/remote-runner/main.go:841.2,845.16 4 1
sarvekshanam/remote-runner/main.go:845.16,846.49 1 0
sarvekshanam/remote-runner/main.go:846.49,848.4 1 0
sarvekshanam/remote-runner/main.go:848.9,851.4 2 0
sarvekshanam/remote-runner/main.go:854.2,854.68 1 1
sarvekshanam/remote-runner/main.go:857.58,860.2 2 1
sarvekshanam/remote-runner/main.go:863.60,864.32 1 1
sarvekshanam/remote-runner/main.go:864.32,867.3 2 1
sarvekshanam/remote-runner/main.go:868.2,869.15 2 1
sarvekshanam/remote-runner/main.go:869.15,872.3 2 0
sarvekshanam/remote-runner/main.go:873.2,874.22 2 1
sarvekshanam/remote-runner/main.go:877.59,878.32 1 1
sarvekshanam/remote-runner/main.go:878.32,881.3 2 0
sarvekshanam/remote-runner/main.go:883.2,884.21 2 1
sarvekshanam/remote-runner/main.go:884.21,887.3 2 0
sarvekshanam/remote-runner/main.go:888.2,892.38 3 1
sarvekshanam/remote-runner/main.go:892.38,895.3 2 0
sarvekshanam/remote-runner/main.go:897.2,898.20 2 1
sarvekshanam/remote-runner/main.go:898.20,901.3 2 1
sarvekshanam/remote-runner/main.go:903.2,908.63 4 1
sarvekshanam/remote-runner/main.go:908.63,911.3 2 0
sarvekshanam/remote-runner/main.go:913.2,913.33 1 1
sarvekshanam/remote-runner/main.go:916.13,922.55 5 0
sarvekshanam/remote-runner/main.go:922.55,924.3 1 0
sarvekshanam/remote-runner/main.go:927.32,931.37 3 0
sarvekshanam/remote-runner/main.go:931.37,933.3 1 0
sarvekshanam/remote-runner/main.go:933.8,935.3 1 0
sarvekshanam/remote-runner/main.go:937.2,937.35 1 0
sarvekshanam/remote-runner/main.go:937.35,939.3 1 0
sarvekshanam/remote-runner/main.go:941.2,943.39 2 0
sarvekshanam/remote-runner/main.go:943.39,945.3 1 0
sarvekshanam/remote-runner/main.go:947.2,947.57 1 0
sarvekshanam/remote-runner/main.go:947.57,950.3 2 0
sarvekshanam/remote-runner/main.go:952.2,963.12 11 0
sarvekshanam/remote-runner/sandbox.go:22.33,24.44 2 1
sarvekshanam/remote-runner/sandbox.go:24.44,26.3 1 0
sarvekshanam/remote-runner/sandbox.go:27.2,27.34 1 1
sarvekshanam/remote-runner/sandbox.go:39.56,44.16 4 1
sarvekshanam/remote-runner/sandbox.go:44.16,46.3 1 0
sarvekshanam/remote-runner/sandbox.go:48.2,49.16 2 1
sarvekshanam/remote-runner/sandbox.go:49.16,51.3 1 1
sarvekshanam/remote-runner/sandbox.go:53.2,55.32 2 1
sarvekshanam/remote-runner/sandbox.go:55.32,60.65 4 1
sarvekshanam/remote-runner/sandbox.go:60.65,62.4 1 0
sarvekshanam/remote-runner/sandbox.go:64.3,65.17 2 1
sarvekshanam/remote-runner/sandbox.go:65.17,66.12 1 0
sarvekshanam/remote-runner/sandbox.go:68.3,68.38 1 1
sarvekshanam/remote-runner/sandbox.go:68.38,69.12 1 0
sarvekshanam/remote-runner/sandbox.go:72.3,72.20 1 1
sarvekshanam/remote-runner/sandbox.go:72.20,73.12 1 0
sarvekshanam/remote-runner/sandbox.go:76.3,76.53 1 1
sarvekshanam/remote-runner/sandbox.go:76.53,78.4 1 0
sarvekshanam/remote-runner/sandbox.go:78.9,80.4 1 1
sarvekshanam/remote-runner/sandbox.go:83.2,96.21 6 1
sarvekshanam/remote-runner/sandbox.go:100.37,104.2 3 1
sarvekshanam/remote-runner/sandbox.go:107.29,108.45 1 1
sarvekshanam/remote-runner/sandbox.go:108.45,110.3 1 0
sarvekshanam/remote-runner/sandbox.go:110.8,112.3 1 1
sarvekshanam/remote-runner/sandbox.go:113.2,117.29 4 1
sarvekshanam/remote-runner/sandbox.go:121.53,124.16 3 1
sarvekshanam/remote-runner/sandbox.go:124.16,127.3 2 0
sarvekshanam/remote-runner/sandbox.go:129.2,129.32 1 1
sarvekshanam/remote-runner/sandbox.go:129.32,130.20 1 1
sarvekshanam/remote-runner/sandbox.go:130.20,131.12 1 0
sarvekshanam/remote-runner/sandbox.go:134.3,134.37 1 1
sarvekshanam/remote-runner/sandbox.go:134.37,136.18 2 1
sarvekshanam/remote-runner/sandbox.go:136.18,137.13 1 0
sarvekshanam/remote-runner/sandbox.go:139.4,143.6 1 1
sarvekshanam/remote-runner/sandbox.go:146.2,146.14 1 1
sarvekshanam/remote-runner/sandbox.go:150.38,152.16 2 1
sarvekshanam/remote-runner/sandbox.go:152.16,154.3 1 0
sarvekshanam/remote-runner/sandbox.go:155.2,158.16 3 1
sarvekshanam/remote-runner/sandbox.go:158.16,160.3 1 0
sarvekshanam/remote-runner/sandbox.go:161.2,163.43 2 1
sarvekshanam/remote-runner/sandbox.go:163.43,165.3 1 0
sarvekshanam/remote-runner/sandbox.go:166.2,166.19 1 1
sarvekshanam/remote-runner/semaphore.go:13.29,15.2 1 1
sarvekshanam/remote-runner/semaphore.go:18.31,19.9 1 1
sarvekshanam/remote-runner/semaphore.go:20.36,21.13 1 1
sarvekshanam/remote-runner/semaphore.go:22.10,23.26 1 1
sarvekshanam/remote-runner/semaphore.go:28.33,30.2 1 1
sarvekshanam/remote-runner/semaphore.go:33.25,34.9 1 1
sarvekshanam/remote-runner/semaphore.go:35.24,35.24 0 1
sarvekshanam/remote-runner/semaphore.go:36.10,36.10 0 0
sarvekshanam/remote-runner/sse.go:27.81,29.16 2 1
sarvekshanam/remote-runner/sse.go:29.16,31.3 1 0
sarvekshanam/remote-runner/sse.go:32.2,33.16 2 1
sarvekshanam/remote-runner/sse.go:33.16,35.3 1 0
sarvekshanam/remote-runner/sse.go:36.2,36.20 1 1
sarvekshanam/remote-runner/sse.go:36.20,38.3 1 1
sarvekshanam/remote-runner/sse.go:39.2,39.12 1 1
sarvekshanam/remote-runner/sse.go:43.45,49.2 4 1
sarvekshanam/remote-runner/state.go:17.49,23.2 4 1
sarvekshanam/remote-runner/state.go:26.46,32.2 4 1
sarvekshanam/remote-runner/state.go:36.18,38.16 2 1
sarvekshanam/remote-runner/state.go:38.16,39.61 1 1
sarvekshanam/remote-runner/state.go:39.61,39.119 1 0
sarvekshanam/remote-runner/state.go:44.21,49.16 4 1
sarvekshanam/remote-runner/state.go:49.16,50.26 1 1
sarvekshanam/remote-runner/state.go:50.26,52.4 1 0
sarvekshanam/remote-runner/state.go:53.3,53.9 1 1
sarvekshanam/remote-runner/state.go:56.2,57.56 2 1
sarvekshanam/remote-runner/state.go:57.56,60.3 2 1
sarvekshanam/remote-runner/state.go:62.2,63.33 2 1
sarvekshanam/remote-runner/state.go:63.33,65.44 2 1
sarvekshanam/remote-runner/state.go:65.44,67.4 1 0
sarvekshanam/remote-runner/state.go:67.9,69.4 1 1
sarvekshanam/remote-runner/state.go:72.2,72.22 1 1
sarvekshanam/remote-runner/state.go:72.22,74.3 1 1
sarvekshanam/remote-runner/state.go:77.2,78.13 2 1
sarvekshanam/remote-runner/watcher.go:15.54,16.12 1 1
sarvekshanam/remote-runner/watcher.go:16.12,20.51 2 1
sarvekshanam/remote-runner/watcher.go:20.51,22.4 1 1
sarvekshanam/remote-runner/watcher.go:24.3,25.17 2 1
sarvekshanam/remote-runner/watcher.go:25.17,28.4 2 0
sarvekshanam/remote-runner/watcher.go:29.3,34.22 4 1
sarvekshanam/remote-runner/watcher.go:34.22,36.18 2 1
sarvekshanam/remote-runner/watcher.go:36.18,37.13 1 0
sarvekshanam/remote-runner/watcher.go:40.4,40.37 1 1
sarvekshanam/remote-runner/watcher.go:40.37,44.5 3 1
sarvekshanam/remote-runner/watcher.go:50.83,52.16 2 1
sarvekshanam/remote-runner/watcher.go:52.16,55.3 2 0
sarvekshanam/remote-runner/watcher.go:57.2,58.16 2 1
sarvekshanam/remote-runner/watcher.go:58.16,61.3 2 0
sarvekshanam/remote-runner/watcher.go:62.2,64.12 2 1
sarvekshanam/remote-runner/watcher.go:64.12,68.7 3 1
sarvekshanam/remote-runner/watcher.go:68.7,69.11 1 1
sarvekshanam/remote-runner/watcher.go:70.39,71.12 1 1
sarvekshanam/remote-runner/watcher.go:71.12,73.6 1 0
sarvekshanam/remote-runner/watcher.go:74.5,74.191 1 1
sarvekshanam/remote-runner/watcher.go:74.191,75.22 1 1
sarvekshanam/remote-runner/watcher.go:75.22,77.7 1 1
sarvekshanam/remote-runner/watcher.go:78.6,78.58 1 1
sarvekshanam/remote-runner/watcher.go:78.58,80.7 1 1
sarvekshanam/remote-runner/watcher.go:82.37,83.12 1 0
sarvekshanam/remote-runner/watcher.go:83.12,85.6 1 0
sarvekshanam/remote-runner/watcher.go:86.5,86.43 1 0
sarvekshanam/remote-runner/watcher.go:91.2,92.16 2 1
sarvekshanam/remote-runner/watcher.go:92.16,94.3 1 0
sarvekshanam/remote-runner/watcher.go:97.2,98.16 2 1
sarvekshanam/remote-runner/watcher.go:98.16,99.33 1 1
sarvekshanam/remote-runner/watcher.go:99.33,100.21 1 0
sarvekshanam/remote-runner/watcher.go:100.21,103.5 2 0
